[christisking.io/index.html]
[backblue.gif]
[fade.gif]
[index.html]
[framerusercontent.com/images/1a5bXeKVN2TVhzeEinCTzE8ypk.png]
[framerusercontent.com/images/QiIjRrXaEnPtpKOD5SecHTnqz4.png]
[framerusercontent.com/images/jpA6wsKURf6ZIcST0ODW8zoCt4.png]
[framerusercontent.com/images/wHkLiEIqfhpK5zLpIdRj8aXKVo.png]
[christisking.io/team.html]
[framerusercontent.com/images/XYPlSO6j6h5JLbyHEMFqo4JT1Ww.png]
[framerusercontent.com/images/UuTcuK94Uy82VCWABzpiMb5QAM.png]
[framerusercontent.com/images/74UuanHU7bmVWilN84AwdPKkaE.png]
[framerusercontent.com/images/gzTBYY5EgKx03cG1nLRxBqiumY.png]
[framerusercontent.com/images/Us8QNbTDwxGFPkqxhSjfM3SDYcbf23.png]
[framerusercontent.com/images/2BfH3N3knFzm7THGc8ticfqTU9ae5.png]
[framerusercontent.com/images/mhkaiAO1bH88tyAnfnG05yszss.png]
[framerusercontent.com/images/XZwCr8WsTlCkmnmH6iBapuLfKgYbf23.png]
[framerusercontent.com/images/03vZVnsmcbMv8oShaQVIxBYjQc.png]
[framerusercontent.com/images/951IF6YZNL5F32Asd7p4l317QIY.png]
[framerusercontent.com/images/xa4cF1qh47aJ5vry2OQZa7vNd1kbf23.png]
[framerusercontent.com/images/V0dvw57kQkbb3hpGDtAk3DcykIbf23.png]
[framerusercontent.com/images/fN2ONz5MrTq0QSEKRyNVxg8trdc.png]
[framerusercontent.com/images/ZVoATA56aTmY3YY9KdxbSZ7IFpk.png]
[framerusercontent.com/images/HA4KtceK1xDmpNZfqIjzsGaMuSMbf23.png]
[framerusercontent.com/images/NqJDDUEuqWpcBT4Riu3f9h99of4bf23.png]
[framerusercontent.com/images/mWS73aQAUJ4NHQ5oBl8oP3h449ae5.png]
[framerusercontent.com/images/rLjYyklTU4z4xgZZFkwjAHlMQ9ae5.png]
[framerusercontent.com/images/BLeUnKoTJgcB4LvpzmLdjNqGywwbf23.png]
[framerusercontent.com/images/jRJ9g338J5TGdGP2wbjfzNzFROIbf23.png]
[framerusercontent.com/images/qybDW1H2p5cCtLIUz5MXrTyRk017f5.png]
[framerusercontent.com/images/SaPBU8fVLBwF781crVjIP3RO9Z4bf23.png]
[framerusercontent.com/images/WKDDCFh0eLZhbEGBDc55mQMZWA.png]
[framerusercontent.com/images/Kx6r5cIgB1aVa7Zs0865fGJtSsbf23.png]
[framerusercontent.com/images/gKh99NXCTdjGfIvOeGGTiYtU9k9ae5.png]
[framerusercontent.com/images/uxye5xz8tOym6CahzsePIyK07OQ.png]
[framerusercontent.com/images/9TQxLbE4EVcTc4yRRvIcXr7atyYbf23.png]
[framerusercontent.com/images/fpQcfRAUOoLyGENOY0eOr31S309ae5.png]
[framerusercontent.com/images/fnSa9v6AqcXp1EAvEeB6YTY7RAbf23.png]
[framerusercontent.com/images/yQNu1ds1qwAEGNYxMk9hJPZs74bf23.png]
[framerusercontent.com/images/iA6qJATcGFiMiGSD03sjvdcbf23.png]
[framerusercontent.com/images/rrVgV5VeBHwUUfHgn1fgUkHHeIbf23.png]
[framerusercontent.com/images/awDMbhXAyHLPMlgveCF6HvblLFUbf23.png]
[framerusercontent.com/images/YtkulSbM99NHo0iIyFXB4ycCJDU17f5.png]
[framerusercontent.com/images/Wm7LqFoE7HpkBFOQXh33e5c4r0.png]
[framerusercontent.com/images/y43BCg8FTFSN7SHFUM2qK4uUrEbf23.png]
[framerusercontent.com/images/jNAaUNcEdaegmnBVcO0UeBASkTc17f5.png]
[framerusercontent.com/images/o2dpEeKuJNt4Vtm3mSgVB9GQ0bf23.png]
[framerusercontent.com/images/JnmHbcYn5mD9mVUufaqLcZ31cQbf23.png]
[framerusercontent.com/images/EqPoFIWrb6Ff1yrIULPjVkj0I9ae5.jpg]
[framerusercontent.com/images/R9fEpGxphmDU07jqB4WcDRMMn9Mbf23.png]
[framerusercontent.com/images/j8H2rO4oucUYx4B2uwU65KJA20.png]
[framerusercontent.com/images/c5I7GQoUu9PODlmObh8V7D2F5B4.png]
[framerusercontent.com/images/jJMtWGgKCAzKGW8NJuHt30yfhZo.png]
[framerusercontent.com/images/4oY2nk4UMPrbHlXuo2OC5qhluP4.png]
[framerusercontent.com/images/jpL42g3rm7vlhqFMjIkYXqXF8fU.jpg]
[framerusercontent.com/images/UzNkwDjLHviXNqlMqi7HeRVA.png]
[framerusercontent.com/images/wlJgpsRihiTgIe339YpO0p0CVMk.jpg]
[framerusercontent.com/images/8FKDCReYn7aEL305uHIhWeYrPw.png]
[christisking.io/privacy-policy.html]
[christisking.io/terms-of-use.html]
[framerusercontent.com/images/iYKKHjd4m7rlQbUbj7JYVZ3ftY17f5.png]
[christisking.io/index.html]
[connect.facebook.net/en_US/fbevents.js]
[framerusercontent.com/images/WUmuzjU5Q4tiVukyRSesO0aco.png]
[framerusercontent.com/images/M8fchhTh8eUJvyKi8jVD24Kk9ae5.png]
[framerusercontent.com/images/QkdnCZrQP97TXQQ0pGbNojRd1Ao9ae5.png]
[framerusercontent.com/images/DTp7bL59y086dkyO4X4bmjRXbI.png]
[framerusercontent.com/images/Pu5TwQYC1N8B3UosCy1P9DPo10.png]
[framerusercontent.com/images/sSOQClAFeVFfVTen7ErleAzVOA.png]
[framerusercontent.com/images/j6rrdCvIG8uPyEUDsrndbtPUz0.png]
[framerusercontent.com/images/KUMdfOjraDGrMoJvHRZVGCfxbo.png]
[framerusercontent.com/images/pm3PuDwaKUxOvH1drOrgkUlgu0M.png]
[framerusercontent.com/images/BehzEVWuSGWTO0cI3eZ8jYMBI.png]
[christisking.io/team.html]
[christisking.io/privacy-policy.html]
[christisking.io/terms-of-use.html]
[connect.facebook.net/en_US/fbevents.js]
[christisking.io/a.html]
[christisking.io/POST.html]
[christisking.io/schema.org/index.html]
[christisking.io/b.html]
[christisking.io/d.html]
[christisking.io/signals/iwl.html]
[christisking.io/c.html]
[christisking.io/c-2.html]
